python : C:\Users\Dell\AppData\Roaming\Python
\Python314\site-packages\confection\__init__.
py:38: UserWarning: Core Pydantic V1 
functionality isn't compatible with Python 
3.14 or greater.
At line:1 char:1
+ python -c "import sys; 
sys.path.append('.'); from backend.nlp 
import  ...
+ ~~~~~~~~~~~~~~~~~~~~~~~~~~~~~~~~~~~~~~~~~~~
~~~~~~~~~~~~~~~~~~~~~~~~~~
    + CategoryInfo          : NotSpecified:  
   (C:\Users\Dell\A....14 or greater.:Strin  
  g) [], RemoteException
    + FullyQualifiedErrorId : NativeCommandE 
   rror
 
  from pydantic.v1 import BaseModel, Extra, 
ValidationError, create_model
Failed to import spacy: unable to infer type 
for attribute "REGEX"
INFO:backend.ml_service:Loading ML models...
INFO:backend.ml_service:\u2705 Sentiment 
Model loaded.
INFO:backend.ml_service:\u2705 Emotion Model 
loaded.
ERROR:backend.nlp:Theme extraction error: 
*********************************************
*************************
  Resource [93mpunkt_tab[0m not found.
  Please use the NLTK Downloader to obtain 
the resource:

  [31m>>> import nltk
  >>> nltk.download('punkt_tab')
  [0m
  For more information see: 
https://www.nltk.org/data.html

  Attempted to load 
[93mtokenizers/punkt_tab/english/[0m

  Searched in:
    - 'C:\\Users\\Dell/nltk_data'
    - 'C:\\Python314\\nltk_data'
    - 'C:\\Python314\\share\\nltk_data'
    - 'C:\\Python314\\lib\\nltk_data'
    - 'C:\\Users\\Dell\\AppData\\Roaming\\nlt
k_data'
    - 'C:\\nltk_data'
    - 'D:\\nltk_data'
    - 'E:\\nltk_data'
*********************************************
*************************

{
  "sentiment": {
    "label": "POSITIVE",
    "score": 0.049,
    "confidence": 0.525,
    "method": "logistic_regression"
  },
  "emotion": {
    "primary_emotion": "happy",
    "emotion_scores": {
      "angry": 0.116,
      "anxious": 0.087,
      "calm": 0.032,
      "fear": 0.078,
      "happy": 0.326,
      "neutral": 0.091,
      "sad": 0.174,
      "surprise": 0.097
    },
    "method": "naive_bayes"
  },
  "mood_score": 6,
  "themes": [
    "happy",
    "feel"
  ],
  "highlighted_phrases": {
    "happy": [
      "happy"
    ],
    "feel": [
      "feel"
    ]
  },
  "suggestions": [
    "Celebrate this positive moment and share your joy with someone!",
    "Write down what made you happy to remember it later",
    "Practice gratitude by listing three things you're thankful for",
    "Use this positive energy to tackle a challenging task",
    "Share your happiness with others to spread positivity"
  ],
  "metadata": {
    "text_length": 12,
    "word_count": 3,
    "models_used": {
      "sentiment": "logistic_regression",
      "emotion": "naive_bayes"
    }
  }
}
